// Jest Snapshot v1, https://goo.gl/fbAQLP

exports[`header rendering header structure test 1`] = `
<styled.div>
  <styled.div
    to="/"
  >
    <Link
      to="/"
    >
      <styled.img
        src="/pet-icon.jpg"
      />
    </Link>
  </styled.div>
  <Styled(Link)
    to="/"
  >
    Shop
  </Styled(Link)>
  <Styled(Link)
    to="/contacts"
  >
    Contacts
  </Styled(Link)>
  <styled.div>
    Sign Out
  </styled.div>
  <styled.div
    onClick={[MockFunction]}
  >
    Cart
  </styled.div>
  <Connect(CartComponent) />
</styled.div>
`;
